pré-período: 2015-01 .. 2018-12  (gap do desenho real: 10 meses)
cortes placebo construídos: 3

====================================================================================
E9 — INCLINAÇÃO EM DOSE NO PRÉ-PERÍODO (sonda do SPT) | taxa_obito_fetal
====================================================================================
Implicação comum ao PT e ao SPT (CGS §6.3): antes do tratamento, a
relação entre VARIAÇÃO do desfecho e dose deve ser zero.

⚠️ Passar NÃO valida o SPT — a implicação é comum às duas hipóteses.
   Rejeitar, sim, é evidência CONTRA ele, e contra a leitura causal
   da curva ACR(d), que a pré-especificação declarou alvo primário.
------------------------------------------------------------------------------------
  corte placebo         n    inclinação  p (aleat.)  
  --------------------------------------------------------
  2016-01 / 2016-11   184       0.00331      0.5570
  2016-07 / 2017-05   184       0.00369      0.4610
  2017-01 / 2017-11   184       0.00184      0.7320
------------------------------------------------------------------------------------
✔  NENHUM dos 3 cortes placebo rejeita a 5%.
   A implicação pré-tratamento comum a PT e SPT NÃO é violada onde
   se consegue olhar. Isso é evidência a favor, e é o mais forte
   que este teste consegue ser — ele não valida o SPT.
------------------------------------------------------------------------------------
PARA COMPARAR — a mesma forma reduzida no desenho de verdade:
  inclinação -0.00244   p = 0.4330
  cortes placebo com inclinação ao menos tão grande em módulo: 2 de 3
  ⚠️ A maioria dos placebos produz inclinação tão grande quanto a
     real. O desenho não separa o efeito do ruído de pré-período.
------------------------------------------------------------------------------------
E O NÍVEL — o ATT(d|d) agregado, que é o número da §6.2:
  real +0.000   placebos: +0.000, -0.002, +0.000
  cortes placebo com nível ao menos tão grande em módulo: 2 de 3
  ⚠️ Com poucos cortes, isto não é p-valor. É a pergunta que o
     parecer faz ao −36 g: ele está fora do ruído de pré-período?
====================================================================================
gravado: work\empirical\spt-corrected\spt_pretrend__taxa_obito_fetal.csv
